// Jest Snapshot v1, https://goo.gl/fbAQLP

exports[`SportPlayers snapshot test 1`] = `
<div
  className="offset-1 col my-auto"
>
  <i
    className="name-label fas fa-users mr-2"
  />
  <label />
  <span>
     2
  </span>
</div>
`;
